C:/Users/CS60/STM32Cube/Repository/STM32Cube_FW_U5_V1.7.0/Drivers/STM32U5xx_HAL_Driver/Inc/stm32u5xx_ll_bus.h:845:22:LL_AHB2_GRP1_EnableClock	1
C:/Users/CS60/STM32Cube/Repository/STM32Cube_FW_U5_V1.7.0/Drivers/STM32U5xx_HAL_Driver/Inc/stm32u5xx_ll_bus.h:1895:22:LL_APB1_GRP2_EnableClock	1
../Core/Src/main.c:91:5:main	2
../Core/Src/main.c:154:6:SystemClock_Config	4
../Core/Src/main.c:212:13:SystemPower_Config	2
../Core/Src/main.c:232:13:MX_ADF1_Init	2
../Core/Src/main.c:286:13:MX_I2C1_Init	4
../Core/Src/main.c:334:13:MX_I2C2_Init	4
../Core/Src/main.c:382:13:MX_ICACHE_Init	3
../Core/Src/main.c:414:13:MX_OCTOSPI1_Init	4
../Core/Src/main.c:474:13:MX_OCTOSPI2_Init	4
../Core/Src/main.c:534:13:MX_SPI2_Init	3
../Core/Src/main.c:591:13:MX_UART4_Init	5
../Core/Src/main.c:639:13:MX_USART1_UART_Init	5
../Core/Src/main.c:687:13:MX_UCPD1_Init	1
../Core/Src/main.c:729:13:MX_USB_OTG_FS_PCD_Init	2
../Core/Src/main.c:765:13:MX_GPIO_Init	1
../Core/Src/main.c:888:6:Error_Handler	1
